// Jest Snapshot v1, https://goo.gl/fbAQLP

exports[`Counter.vue renders props.msg when passed 1`] = `<div><span>0</span> <button>count++</button></div>`;
